#
# There is insufficient memory for the Java Runtime Environment to continue.
# Native memory allocation (malloc) failed to allocate 1098416 bytes. Error detail: Chunk::new
# Possible reasons:
#   The system is out of physical RAM or swap space
# Possible solutions:
#   Reduce memory load on the system
#   Increase physical memory or swap space
#   Check if swap backing store is full
#   Decrease Java heap size (-Xmx/-Xms)
#   Decrease number of Java threads
#   Decrease Java thread stack sizes (-Xss)
#   Set larger code cache with -XX:ReservedCodeCacheSize=
# This output file may be truncated or incomplete.
#
#  Out of Memory Error (arena.cpp:168), pid=20012, tid=13036
#
# JRE version: OpenJDK Runtime Environment Temurin-21.0.12.1+1 (21.0.12.1+1) (build 21.0.12.1+1-LTS)
# Java VM: OpenJDK 64-Bit Server VM Temurin-21.0.12.1+1 (21.0.12.1+1-LTS, mixed mode, sharing, tiered, compressed class ptrs, parallel gc, windows-amd64)
# No core dump will be written. Minidumps are not enabled by default on client versions of Windows
#

---------------  S U M M A R Y ------------

Command Line: --add-modules=ALL-SYSTEM --add-opens=java.base/java.util=ALL-UNNAMED --add-opens=java.base/java.lang=ALL-UNNAMED --add-opens=java.base/sun.nio.fs=ALL-UNNAMED -Declipse.application=org.eclipse.jdt.ls.core.id1 -Dosgi.bundles.defaultStartLevel=4 -Declipse.product=org.eclipse.jdt.ls.core.product -Djava.import.generatesMetadataFilesAtProjectRoot=false -Dm2e.project.cache.size=50 -DDetectVMInstallationsJob.disabled=true -Dfile.encoding=utf8 -XX:+UseParallelGC -XX:GCTimeRatio=4 -XX:AdaptiveSizePolicyWeight=90 -Dsun.zip.disableMemoryMapping=true -Xmx256G -Xms100m -Xlog:disable -javaagent:c:\Users\soumi\.vscode\extensions\redhat.java-1.56.0-win32-x64\lombok\lombok-1.18.39-4050.jar -XX:+HeapDumpOnOutOfMemoryError -XX:HeapDumpPath=c:\Users\soumi\AppData\Roaming\Code\User\workspaceStorage\67957d606bb49ef4f1eed16d5ab27f77\redhat.java -Daether.dependencyCollector.impl=bf c:\Users\soumi\.vscode\extensions\redhat.java-1.56.0-win32-x64\server\plugins\org.eclipse.equinox.launcher_1.8.0.v20260804-1928.jar -configuration c:\Users\soumi\AppData\Roaming\Code\User\globalStorage\redhat.java\1.56.0\config_win -data c:\Users\soumi\AppData\Roaming\Code\User\workspaceStorage\67957d606bb49ef4f1eed16d5ab27f77\redhat.java\jdt_ws --pipe=\\.\pipe\lsp-1d6303e940682243d4872f0b48a283ba-sock

Host: 12th Gen Intel(R) Core(TM) i3-1215U, 8 cores, 7G,  Windows 11 , 64 bit Build 26100 (10.0.26100.9549)
Time: Tue Oct  6 18:00:58 2026 India Standard Time elapsed time: 22.696176 seconds (0d 0h 0m 22s)

---------------  T H R E A D  ---------------

Current thread (0x000001d01466bda0):  JavaThread "C2 CompilerThread0" daemon [_thread_in_native, id=13036, stack(0x000000a448900000,0x000000a448a00000) (1024K)]


Current CompileTask:
C2:22696 7903       4       org.eclipse.jdt.internal.compiler.parser.Parser::consumeRule (7843 bytes)

Stack: [0x000000a448900000,0x000000a448a00000]
Native frames: (J=compiled Java code, j=interpreted, Vv=VM code, C=native code)
V  [jvm.dll+0x6d83e9]
V  [jvm.dll+0x8b5736]
V  [jvm.dll+0x8b7cee]
V  [jvm.dll+0x8b83d3]
V  [jvm.dll+0x284596]
V  [jvm.dll+0xc685d]
V  [jvm.dll+0xc6da1]
V  [jvm.dll+0x3bf151]
V  [jvm.dll+0x38b6d2]
V  [jvm.dll+0x38ab1a]
V  [jvm.dll+0x24c700]
V  [jvm.dll+0x24bce0]
V  [jvm.dll+0x1cb4ae]
V  [jvm.dll+0x25baad]
V  [jvm.dll+0x25a03a]
V  [jvm.dll+0x3f8aae]
V  [jvm.dll+0x8600cd]
V  [jvm.dll+0x6d6c1d]
C  [ucrtbase.dll+0x2cd30]
C  [KERNEL32.DLL+0x2cdf7]
C  [ntdll.dll+0x7ee4c]


---------------  P R O C E S S  ---------------

Threads class SMR info:
_java_thread_list=0x00000212c88f36d0, length=50, elements={
0x000001d014afd480, 0x000001d01465f950, 0x000001d014662f40, 0x000001d014664f40,
0x000001d014665ba0, 0x000001d014666800, 0x000001d01466ad00, 0x000001d01466bda0,
0x000001d01467e640, 0x00000212c4200a10, 0x00000212c43557b0, 0x00000212c4c1d7e0,
0x00000212c4d08400, 0x00000212c4c90700, 0x00000212c4c90d70, 0x00000212c4fdcff0,
0x00000212c5475370, 0x00000212c4546110, 0x00000212c4ed5d80, 0x00000212c4ed77c0,
0x00000212c4ed7130, 0x00000212c4ed56f0, 0x00000212c4ed6410, 0x00000212c4ed84e0,
0x00000212c4ed5060, 0x00000212c4ed6aa0, 0x00000212c60a6610, 0x00000212c60a58f0,
0x00000212c60a86e0, 0x00000212c60a79c0, 0x00000212c60a8d70, 0x00000212c60a9400,
0x00000212c60a5f80, 0x00000212c60a8050, 0x00000212c60a9a90, 0x00000212c60a7330,
0x00000212c60aa120, 0x00000212c60a6ca0, 0x00000212c6374090, 0x00000212c60abb60,
0x00000212c60aa7b0, 0x00000212c60ab4d0, 0x00000212c60ac1f0, 0x00000212c60ac880,
0x00000212c60aae40, 0x00000212c60acf10, 0x00000212c6371270, 0x00000212c6370550,
0x00000212c636f1a0, 0x00000212c6371900
}

Java Threads: ( => current thread )
  0x000001d014afd480 JavaThread "main"                              [_thread_blocked, id=4928, stack(0x000000a447f00000,0x000000a448000000) (1024K)]
  0x000001d01465f950 JavaThread "Reference Handler"          daemon [_thread_blocked, id=29276, stack(0x000000a448300000,0x000000a448400000) (1024K)]
  0x000001d014662f40 JavaThread "Finalizer"                  daemon [_thread_blocked, id=13748, stack(0x000000a448400000,0x000000a448500000) (1024K)]
  0x000001d014664f40 JavaThread "Signal Dispatcher"          daemon [_thread_blocked, id=20592, stack(0x000000a448500000,0x000000a448600000) (1024K)]
  0x000001d014665ba0 JavaThread "Attach Listener"            daemon [_thread_blocked, id=4024, stack(0x000000a448600000,0x000000a448700000) (1024K)]
  0x000001d014666800 JavaThread "Service Thread"             daemon [_thread_blocked, id=18020, stack(0x000000a448700000,0x000000a448800000) (1024K)]
  0x000001d01466ad00 JavaThread "Monitor Deflation Thread"   daemon [_thread_blocked, id=7932, stack(0x000000a448800000,0x000000a448900000) (1024K)]
=>0x000001d01466bda0 JavaThread "C2 CompilerThread0"         daemon [_thread_in_native, id=13036, stack(0x000000a448900000,0x000000a448a00000) (1024K)]
  0x000001d01467e640 JavaThread "C1 CompilerThread0"         daemon [_thread_in_native, id=1588, stack(0x000000a448a00000,0x000000a448b00000) (1024K)]
  0x00000212c4200a10 JavaThread "Common-Cleaner"             daemon [_thread_blocked, id=3560, stack(0x000000a448c00000,0x000000a448d00000) (1024K)]
  0x00000212c43557b0 JavaThread "Notification Thread"        daemon [_thread_blocked, id=26744, stack(0x000000a448b00000,0x000000a448c00000) (1024K)]
  0x00000212c4c1d7e0 JavaThread "Active Thread: Equinox Container: 81b9be88-0f52-45b9-a87c-c6ba48912cbf"        [_thread_blocked, id=3400, stack(0x000000a449500000,0x000000a449600000) (1024K)]
  0x00000212c4d08400 JavaThread "Refresh Thread: Equinox Container: 81b9be88-0f52-45b9-a87c-c6ba48912cbf" daemon [_thread_blocked, id=3748, stack(0x000000a449400000,0x000000a449500000) (1024K)]
  0x00000212c4c90700 JavaThread "Framework Event Dispatcher: Equinox Container: 81b9be88-0f52-45b9-a87c-c6ba48912cbf" daemon [_thread_blocked, id=27240, stack(0x000000a448d00000,0x000000a448e00000) (1024K)]
  0x00000212c4c90d70 JavaThread "Start Level: Equinox Container: 81b9be88-0f52-45b9-a87c-c6ba48912cbf" daemon [_thread_blocked, id=13764, stack(0x000000a449700000,0x000000a449800000) (1024K)]
  0x00000212c4fdcff0 JavaThread "Bundle File Closer"         daemon [_thread_blocked, id=1076, stack(0x000000a449a00000,0x000000a449b00000) (1024K)]
  0x00000212c5475370 JavaThread "SCR Component Actor"        daemon [_thread_blocked, id=7408, stack(0x000000a449800000,0x000000a449900000) (1024K)]
  0x00000212c4546110 JavaThread "Worker-JM"                         [_thread_blocked, id=29176, stack(0x000000a449c00000,0x000000a449d00000) (1024K)]
  0x00000212c4ed5d80 JavaThread "JNA Cleaner"                daemon [_thread_blocked, id=14980, stack(0x000000a449d00000,0x000000a449e00000) (1024K)]
  0x00000212c4ed77c0 JavaThread "Worker-0"                          [_thread_blocked, id=26480, stack(0x000000a449e00000,0x000000a449f00000) (1024K)]
  0x00000212c4ed7130 JavaThread "Worker-1"                          [_thread_blocked, id=18436, stack(0x000000a449f00000,0x000000a44a000000) (1024K)]
  0x00000212c4ed56f0 JavaThread "Worker-2"                          [_thread_blocked, id=28200, stack(0x000000a449900000,0x000000a449a00000) (1024K)]
  0x00000212c4ed6410 JavaThread "Worker-3"                          [_thread_blocked, id=29412, stack(0x000000a44a000000,0x000000a44a100000) (1024K)]
  0x00000212c4ed84e0 JavaThread "Java indexing"              daemon [_thread_blocked, id=16560, stack(0x000000a44a200000,0x000000a44a300000) (1024K)]
  0x00000212c4ed5060 JavaThread "Worker-4: Building"                [_thread_in_Java, id=12908, stack(0x000000a44a500000,0x000000a44a600000) (1024K)]
  0x00000212c4ed6aa0 JavaThread "Worker-5: Initialize workspace"        [_thread_blocked, id=21492, stack(0x000000a44a600000,0x000000a44a700000) (1024K)]
  0x00000212c60a6610 JavaThread "Thread-1"                   daemon [_thread_in_native, id=9008, stack(0x000000a44a700000,0x000000a44a800000) (1024K)]
  0x00000212c60a58f0 JavaThread "Thread-2"                   daemon [_thread_in_native, id=18860, stack(0x000000a44a800000,0x000000a44a900000) (1024K)]
  0x00000212c60a86e0 JavaThread "Thread-3"                   daemon [_thread_in_native, id=8752, stack(0x000000a44a900000,0x000000a44aa00000) (1024K)]
  0x00000212c60a79c0 JavaThread "Thread-4"                   daemon [_thread_in_native, id=22728, stack(0x000000a44aa00000,0x000000a44ab00000) (1024K)]
  0x00000212c60a8d70 JavaThread "Thread-5"                   daemon [_thread_in_native, id=1904, stack(0x000000a44ab00000,0x000000a44ac00000) (1024K)]
  0x00000212c60a9400 JavaThread "Thread-6"                   daemon [_thread_in_native, id=23060, stack(0x000000a44ac00000,0x000000a44ad00000) (1024K)]
  0x00000212c60a5f80 JavaThread "Thread-7"                   daemon [_thread_in_native, id=4244, stack(0x000000a44ad00000,0x000000a44ae00000) (1024K)]
  0x00000212c60a8050 JavaThread "Thread-8"                   daemon [_thread_in_native, id=18232, stack(0x000000a44ae00000,0x000000a44af00000) (1024K)]
  0x00000212c60a9a90 JavaThread "Thread-9"                   daemon [_thread_in_native, id=5232, stack(0x000000a44af00000,0x000000a44b000000) (1024K)]
  0x00000212c60a7330 JavaThread "pool-2-thread-1"                   [_thread_blocked, id=18844, stack(0x000000a44b000000,0x000000a44b100000) (1024K)]
  0x00000212c60aa120 JavaThread "WorkspaceEventsHandler"            [_thread_blocked, id=19356, stack(0x000000a44b100000,0x000000a44b200000) (1024K)]
  0x00000212c60a6ca0 JavaThread "pool-1-thread-1"                   [_thread_in_native, id=5468, stack(0x000000a44b200000,0x000000a44b300000) (1024K)]
  0x00000212c6374090 JavaThread "C2 CompilerThread1"         daemon [_thread_in_native, id=28556, stack(0x000000a449b00000,0x000000a449c00000) (1024K)]
  0x00000212c60abb60 JavaThread "LocalFile Deleter"          daemon [_thread_blocked, id=9444, stack(0x000000a44a100000,0x000000a44a200000) (1024K)]
  0x00000212c60aa7b0 JavaThread "LocalFile Deleter"          daemon [_thread_blocked, id=14276, stack(0x000000a44b300000,0x000000a44b400000) (1024K)]
  0x00000212c60ab4d0 JavaThread "LocalFile Deleter"          daemon [_thread_blocked, id=11564, stack(0x000000a44b400000,0x000000a44b500000) (1024K)]
  0x00000212c60ac1f0 JavaThread "LocalFile Deleter"          daemon [_thread_blocked, id=10696, stack(0x000000a44b500000,0x000000a44b600000) (1024K)]
  0x00000212c60ac880 JavaThread "LocalFile Deleter"          daemon [_thread_blocked, id=21204, stack(0x000000a44b600000,0x000000a44b700000) (1024K)]
  0x00000212c60aae40 JavaThread "Compiler Source File Reader" daemon [_thread_blocked, id=18364, stack(0x000000a44b700000,0x000000a44b800000) (1024K)]
  0x00000212c60acf10 JavaThread "Compiler Source File Reader" daemon [_thread_blocked, id=14372, stack(0x000000a44b800000,0x000000a44b900000) (1024K)]
  0x00000212c6371270 JavaThread "Compiler Source File Reader" daemon [_thread_in_native, id=16976, stack(0x000000a44b900000,0x000000a44ba00000) (1024K)]
  0x00000212c6370550 JavaThread "Compiler Source File Reader" daemon [_thread_blocked, id=25692, stack(0x000000a44ba00000,0x000000a44bb00000) (1024K)]
  0x00000212c636f1a0 JavaThread "Compiler Source File Reader" daemon [_thread_blocked, id=5856, stack(0x000000a44bb00000,0x000000a44bc00000) (1024K)]
  0x00000212c6371900 JavaThread "Compiler Source File Reader" daemon [_thread_in_native, id=9296, stack(0x000000a44bc00000,0x000000a44bd00000) (1024K)]
Total: 50

Other Threads:
  0x000001d0146424b0 VMThread "VM Thread"                           [id=10576, stack(0x000000a448200000,0x000000a448300000) (1024K)]
  0x000001d01457ca00 WatcherThread "VM Periodic Task Thread"        [id=18552, stack(0x000000a448100000,0x000000a448200000) (1024K)]
  0x000001d014b1be60 WorkerThread "GC Thread#0"                     [id=21744, stack(0x000000a448000000,0x000000a448100000) (1024K)]
  0x00000212c48d77c0 WorkerThread "GC Thread#1"                     [id=17276, stack(0x000000a448e00000,0x000000a448f00000) (1024K)]
  0x00000212c48d9190 WorkerThread "GC Thread#2"                     [id=23748, stack(0x000000a448f00000,0x000000a449000000) (1024K)]
  0x00000212c48d8680 WorkerThread "GC Thread#3"                     [id=28364, stack(0x000000a449000000,0x000000a449100000) (1024K)]
  0x00000212c48d8a30 WorkerThread "GC Thread#4"                     [id=11676, stack(0x000000a449100000,0x000000a449200000) (1024K)]
  0x00000212c48d7f20 WorkerThread "GC Thread#5"                     [id=16172, stack(0x000000a449200000,0x000000a449300000) (1024K)]
  0x00000212c48d7b70 WorkerThread "GC Thread#6"                     [id=6340, stack(0x000000a449300000,0x000000a449400000) (1024K)]
  0x00000212c48d82d0 WorkerThread "GC Thread#7"                     [id=23036, stack(0x000000a449600000,0x000000a449700000) (1024K)]
Total: 10

Threads with active compile tasks:
C2 CompilerThread0  22752 7903       4       org.eclipse.jdt.internal.compiler.parser.Parser::consumeRule (7843 bytes)
C2 CompilerThread1  22752 7910       4       org.eclipse.jdt.internal.compiler.parser.Scanner::internalScanIdentifierOrKeyword (5041 bytes)
Total: 2

VM state: not at safepoint (normal execution)

VM Mutex/Monitor currently owned by a thread: None

CDS archive(s) mapped at: [0x000002127e000000-0x000002127eba0000-0x000002127eba0000), size 12189696, SharedBaseAddress: 0x000002127e000000, ArchiveRelocationMode: 1.
Compressed class space mapped at: 0x000002127f000000-0x00000212bf000000, reserved size: 1073741824
Narrow klass base: 0x000002127e000000, Narrow klass shift: 0, Narrow klass range: 0x100000000

GC Precious Log:
 CardTable entry size: 512
 CPUs: 8 total, 8 available
 Memory: 7863M
 Large Page Support: Disabled
 NUMA Support: Disabled
 Compressed Oops: Disabled
 Alignments: Space 512K, Generation 512K, Heap 2M
 Heap Min Capacity: 100M
 Heap Initial Capacity: 100M
 Heap Max Capacity: 256G
 Pre-touch: Disabled
 Parallel Workers: 8

Heap:
 PSYoungGen      total 14848K, used 14371K [0x000001fad1900000, 0x000001fad2a00000, 0x0000021026e00000)
  eden space 14336K, 96% used [0x000001fad1900000,0x000001fad268a9a0,0x000001fad2700000)
  from space 512K, 98% used [0x000001fad2980000,0x000001fad29fe470,0x000001fad2a00000)
  to   space 1536K, 0% used [0x000001fad2700000,0x000001fad2700000,0x000001fad2880000)
 ParOldGen       total 68608K, used 60788K [0x000001d026e00000, 0x000001d02b100000, 0x000001fad1900000)
  object space 68608K, 88% used [0x000001d026e00000,0x000001d02a95d090,0x000001d02b100000)
 Metaspace       used 57494K, committed 58816K, reserved 1114112K
  class space    used 6187K, committed 6720K, reserved 1048576K

Card table byte_map: [0x0000021026e00000,0x0000021046e10000] _byte_map_base: 0x0000020f3ecc9000

Marking Bits: (ParMarkBitMap*) 0x00007ffbf7ff44a0
 Begin Bits: [0x000002105c370000, 0x000002115c370000)
 End Bits:   [0x000002115c370000, 0x000002125c370000)

Polling page: 0x000001d012b50000

Metaspace:

Usage:
  Non-class:     50.10 MB used.
      Class:      6.04 MB used.
       Both:     56.15 MB used.

Virtual space:
  Non-class space:       64.00 MB reserved,      50.88 MB ( 79%) committed,  1 nodes.
      Class space:        1.00 GB reserved,       6.56 MB ( <1%) committed,  1 nodes.
             Both:        1.06 GB reserved,      57.44 MB (  5%) committed. 

Chunk freelists:
   Non-Class:  12.97 MB
       Class:  9.38 MB
        Both:  22.35 MB

MaxMetaspaceSize: unlimited
CompressedClassSpaceSize: 1.00 GB
Initial GC threshold: 21.00 MB
Current GC threshold: 58.38 MB
CDS: on
 - commit_granule_bytes: 65536.
 - commit_granule_words: 8192.
 - virtual_space_node_default_size: 8388608.
 - enlarge_chunks_in_place: 1.
 - use_allocation_guard: 0.


Internal statistics:

num_allocs_failed_limit: 6.
num_arena_births: 928.
num_arena_deaths: 40.
num_vsnodes_births: 2.
num_vsnodes_deaths: 0.
num_space_committed: 919.
num_space_uncommitted: 0.
num_chunks_returned_to_freelist: 52.
num_chunks_taken_from_freelist: 3597.
num_chunk_merges: 13.
num_chunk_splits: 2197.
num_chunks_enlarged: 1237.
num_inconsistent_stats: 0.

CodeHeap 'non-profiled nmethods': size=120000Kb used=5229Kb max_used=5229Kb free=114770Kb
 bounds [0x000001d01f7d0000, 0x000001d01fcf0000, 0x000001d026d00000]
CodeHeap 'profiled nmethods': size=120000Kb used=16100Kb max_used=16100Kb free=103899Kb
 bounds [0x000001d017d00000, 0x000001d018cc0000, 0x000001d01f230000]
CodeHeap 'non-nmethods': size=5760Kb used=1417Kb max_used=1463Kb free=4342Kb
 bounds [0x000001d01f230000, 0x000001d01f4a0000, 0x000001d01f7d0000]
CodeCache: size=245760Kb, used=22746Kb, max_used=22792Kb, free=223011Kb
 total_blobs=8112, nmethods=7383, adapters=635, full_count=0
Compilation: enabled, stopped_count=0, restarted_count=0

Compilation events (20 events):
Event: 22.649 Thread 0x00000212c6374090 7910       4       org.eclipse.jdt.internal.compiler.parser.Scanner::internalScanIdentifierOrKeyword (5041 bytes)
Event: 22.651 Thread 0x000001d01467e640 7911       3       org.eclipse.jdt.internal.compiler.parser.Scanner::findCommentType (43 bytes)
Event: 22.651 Thread 0x000001d01467e640 nmethod 7911 0x000001d018ca0a90 code [0x000001d018ca0c60, 0x000001d018ca0fd0]
Event: 22.651 Thread 0x000001d01467e640 7912       3       org.eclipse.jdt.internal.compiler.parser.Scanner::recordComment (157 bytes)
Event: 22.652 Thread 0x000001d01467e640 nmethod 7912 0x000001d018ca1110 code [0x000001d018ca1300, 0x000001d018ca1798]
Event: 22.653 Thread 0x000001d01467e640 7913       3       org.eclipse.jdt.internal.core.builder.SourceFile::getMainTypeName (24 bytes)
Event: 22.654 Thread 0x000001d01467e640 nmethod 7913 0x000001d018ca1a10 code [0x000001d018ca1c20, 0x000001d018ca20b8]
Event: 22.659 Thread 0x000001d01467e640 7915       3       sun.nio.ch.FileChannelImpl::beginBlocking (12 bytes)
Event: 22.659 Thread 0x000001d01467e640 nmethod 7915 0x000001d018ca2290 code [0x000001d018ca2440, 0x000001d018ca25b0]
Event: 22.659 Thread 0x000001d01467e640 7916   !   3       sun.nio.ch.ChannelInputStream::read (70 bytes)
Event: 22.660 Thread 0x000001d01467e640 nmethod 7916 0x000001d018ca2690 code [0x000001d018ca28c0, 0x000001d018ca30f8]
Event: 22.667 Thread 0x000001d01467e640 7917       3       org.eclipse.jdt.internal.compiler.util.CharArray::equals (26 bytes)
Event: 22.667 Thread 0x000001d01467e640 nmethod 7917 0x000001d018ca3410 code [0x000001d018ca35e0, 0x000001d018ca3970]
Event: 22.667 Thread 0x000001d01467e640 7918       3       java.util.Arrays::equals (43 bytes)
Event: 22.667 Thread 0x000001d01467e640 nmethod 7918 0x000001d018ca3a90 code [0x000001d018ca3c60, 0x000001d018ca3f28]
Event: 22.670 Thread 0x000001d01467e640 7919       3       org.eclipse.jdt.internal.compiler.parser.Scanner::consumeDigits (44 bytes)
Event: 22.671 Thread 0x000001d01467e640 nmethod 7919 0x000001d018ca4010 code [0x000001d018ca41e0, 0x000001d018ca4508]
Event: 22.675 Thread 0x000001d01467e640 7920       3       org.eclipse.jdt.internal.compiler.ast.CompilationUnitDeclaration::isModuleInfo (11 bytes)
Event: 22.676 Thread 0x000001d01467e640 nmethod 7920 0x000001d018ca4690 code [0x000001d018ca4860, 0x000001d018ca4a48]
Event: 22.685 Thread 0x000001d01467e640 7922   !   3       org.eclipse.jdt.internal.compiler.parser.Scanner::jumpOverMethodBody (2550 bytes)

GC Heap History (20 events):
Event: 18.843 GC heap before
{Heap before GC invocations=33 (full 2):
 PSYoungGen      total 22016K, used 21792K [0x000001fad1900000, 0x000001fad3100000, 0x0000021026e00000)
  eden space 19456K, 100% used [0x000001fad1900000,0x000001fad2c00000,0x000001fad2c00000)
  from space 2560K, 91% used [0x000001fad2e80000,0x000001fad30c8010,0x000001fad3100000)
  to   space 2560K, 0% used [0x000001fad2c00000,0x000001fad2c00000,0x000001fad2e80000)
 ParOldGen       total 68608K, used 47868K [0x000001d026e00000, 0x000001d02b100000, 0x000001fad1900000)
  object space 68608K, 69% used [0x000001d026e00000,0x000001d029cbf298,0x000001d02b100000)
 Metaspace       used 49210K, committed 50432K, reserved 1114112K
  class space    used 5370K, committed 5888K, reserved 1048576K
}
Event: 18.852 GC heap after
{Heap after GC invocations=33 (full 2):
 PSYoungGen      total 21504K, used 1840K [0x000001fad1900000, 0x000001fad3000000, 0x0000021026e00000)
  eden space 19456K, 0% used [0x000001fad1900000,0x000001fad1900000,0x000001fad2c00000)
  from space 2048K, 89% used [0x000001fad2c00000,0x000001fad2dcc3f0,0x000001fad2e00000)
  to   space 2048K, 0% used [0x000001fad2e00000,0x000001fad2e00000,0x000001fad3000000)
 ParOldGen       total 68608K, used 50092K [0x000001d026e00000, 0x000001d02b100000, 0x000001fad1900000)
  object space 68608K, 73% used [0x000001d026e00000,0x000001d029eeb2a8,0x000001d02b100000)
 Metaspace       used 49210K, committed 50432K, reserved 1114112K
  class space    used 5370K, committed 5888K, reserved 1048576K
}
Event: 19.149 GC heap before
{Heap before GC invocations=34 (full 2):
 PSYoungGen      total 21504K, used 21296K [0x000001fad1900000, 0x000001fad3000000, 0x0000021026e00000)
  eden space 19456K, 100% used [0x000001fad1900000,0x000001fad2c00000,0x000001fad2c00000)
  from space 2048K, 89% used [0x000001fad2c00000,0x000001fad2dcc3f0,0x000001fad2e00000)
  to   space 2048K, 0% used [0x000001fad2e00000,0x000001fad2e00000,0x000001fad3000000)
 ParOldGen       total 68608K, used 50092K [0x000001d026e00000, 0x000001d02b100000, 0x000001fad1900000)
  object space 68608K, 73% used [0x000001d026e00000,0x000001d029eeb2a8,0x000001d02b100000)
 Metaspace       used 49589K, committed 50752K, reserved 1114112K
  class space    used 5396K, committed 5888K, reserved 1048576K
}
Event: 19.157 GC heap after
{Heap after GC invocations=34 (full 2):
 PSYoungGen      total 16384K, used 2048K [0x000001fad1900000, 0x000001fad3a00000, 0x0000021026e00000)
  eden space 14336K, 0% used [0x000001fad1900000,0x000001fad1900000,0x000001fad2700000)
  from space 2048K, 100% used [0x000001fad2e00000,0x000001fad3000000,0x000001fad3000000)
  to   space 7168K, 0% used [0x000001fad2700000,0x000001fad2700000,0x000001fad2e00000)
 ParOldGen       total 68608K, used 54269K [0x000001d026e00000, 0x000001d02b100000, 0x000001fad1900000)
  object space 68608K, 79% used [0x000001d026e00000,0x000001d02a2ff7c0,0x000001d02b100000)
 Metaspace       used 49589K, committed 50752K, reserved 1114112K
  class space    used 5396K, committed 5888K, reserved 1048576K
}
Event: 19.838 GC heap before
{Heap before GC invocations=35 (full 2):
 PSYoungGen      total 16384K, used 16384K [0x000001fad1900000, 0x000001fad3a00000, 0x0000021026e00000)
  eden space 14336K, 100% used [0x000001fad1900000,0x000001fad2700000,0x000001fad2700000)
  from space 2048K, 100% used [0x000001fad2e00000,0x000001fad3000000,0x000001fad3000000)
  to   space 7168K, 0% used [0x000001fad2700000,0x000001fad2700000,0x000001fad2e00000)
 ParOldGen       total 68608K, used 54269K [0x000001d026e00000, 0x000001d02b100000, 0x000001fad1900000)
  object space 68608K, 79% used [0x000001d026e00000,0x000001d02a2ff7c0,0x000001d02b100000)
 Metaspace       used 50539K, committed 51776K, reserved 1114112K
  class space    used 5510K, committed 6016K, reserved 1048576K
}
Event: 19.842 GC heap after
{Heap after GC invocations=35 (full 2):
 PSYoungGen      total 15360K, used 826K [0x000001fad1900000, 0x000001fad2e80000, 0x0000021026e00000)
  eden space 14336K, 0% used [0x000001fad1900000,0x000001fad1900000,0x000001fad2700000)
  from space 1024K, 80% used [0x000001fad2700000,0x000001fad27ce8f0,0x000001fad2800000)
  to   space 3072K, 0% used [0x000001fad2b80000,0x000001fad2b80000,0x000001fad2e80000)
 ParOldGen       total 68608K, used 56364K [0x000001d026e00000, 0x000001d02b100000, 0x000001fad1900000)
  object space 68608K, 82% used [0x000001d026e00000,0x000001d02a50b1d8,0x000001d02b100000)
 Metaspace       used 50539K, committed 51776K, reserved 1114112K
  class space    used 5510K, committed 6016K, reserved 1048576K
}
Event: 20.305 GC heap before
{Heap before GC invocations=36 (full 2):
 PSYoungGen      total 15360K, used 15162K [0x000001fad1900000, 0x000001fad2e80000, 0x0000021026e00000)
  eden space 14336K, 100% used [0x000001fad1900000,0x000001fad2700000,0x000001fad2700000)
  from space 1024K, 80% used [0x000001fad2700000,0x000001fad27ce8f0,0x000001fad2800000)
  to   space 3072K, 0% used [0x000001fad2b80000,0x000001fad2b80000,0x000001fad2e80000)
 ParOldGen       total 68608K, used 56364K [0x000001d026e00000, 0x000001d02b100000, 0x000001fad1900000)
  object space 68608K, 82% used [0x000001d026e00000,0x000001d02a50b1d8,0x000001d02b100000)
 Metaspace       used 51260K, committed 52480K, reserved 1114112K
  class space    used 5580K, committed 6080K, reserved 1048576K
}
Event: 20.307 GC heap after
{Heap after GC invocations=36 (full 2):
 PSYoungGen      total 15360K, used 532K [0x000001fad1900000, 0x000001fad2c80000, 0x0000021026e00000)
  eden space 14336K, 0% used [0x000001fad1900000,0x000001fad1900000,0x000001fad2700000)
  from space 1024K, 52% used [0x000001fad2b80000,0x000001fad2c05308,0x000001fad2c80000)
  to   space 1024K, 0% used [0x000001fad2700000,0x000001fad2700000,0x000001fad2800000)
 ParOldGen       total 68608K, used 57093K [0x000001d026e00000, 0x000001d02b100000, 0x000001fad1900000)
  object space 68608K, 83% used [0x000001d026e00000,0x000001d02a5c14c8,0x000001d02b100000)
 Metaspace       used 51260K, committed 52480K, reserved 1114112K
  class space    used 5580K, committed 6080K, reserved 1048576K
}
Event: 20.637 GC heap before
{Heap before GC invocations=37 (full 2):
 PSYoungGen      total 15360K, used 14868K [0x000001fad1900000, 0x000001fad2c80000, 0x0000021026e00000)
  eden space 14336K, 100% used [0x000001fad1900000,0x000001fad2700000,0x000001fad2700000)
  from space 1024K, 52% used [0x000001fad2b80000,0x000001fad2c05308,0x000001fad2c80000)
  to   space 1024K, 0% used [0x000001fad2700000,0x000001fad2700000,0x000001fad2800000)
 ParOldGen       total 68608K, used 57093K [0x000001d026e00000, 0x000001d02b100000, 0x000001fad1900000)
  object space 68608K, 83% used [0x000001d026e00000,0x000001d02a5c14c8,0x000001d02b100000)
 Metaspace       used 52207K, committed 53568K, reserved 1114112K
  class space    used 5665K, committed 6272K, reserved 1048576K
}
Event: 20.640 GC heap after
{Heap after GC invocations=37 (full 2):
 PSYoungGen      total 15360K, used 999K [0x000001fad1900000, 0x000001fad2d00000, 0x0000021026e00000)
  eden space 14336K, 0% used [0x000001fad1900000,0x000001fad1900000,0x000001fad2700000)
  from space 1024K, 97% used [0x000001fad2700000,0x000001fad27f9eb0,0x000001fad2800000)
  to   space 3072K, 0% used [0x000001fad2a00000,0x000001fad2a00000,0x000001fad2d00000)
 ParOldGen       total 68608K, used 58518K [0x000001d026e00000, 0x000001d02b100000, 0x000001fad1900000)
  object space 68608K, 85% used [0x000001d026e00000,0x000001d02a725890,0x000001d02b100000)
 Metaspace       used 52207K, committed 53568K, reserved 1114112K
  class space    used 5665K, committed 6272K, reserved 1048576K
}
Event: 20.704 GC heap before
{Heap before GC invocations=38 (full 2):
 PSYoungGen      total 15360K, used 15335K [0x000001fad1900000, 0x000001fad2d00000, 0x0000021026e00000)
  eden space 14336K, 100% used [0x000001fad1900000,0x000001fad2700000,0x000001fad2700000)
  from space 1024K, 97% used [0x000001fad2700000,0x000001fad27f9eb0,0x000001fad2800000)
  to   space 3072K, 0% used [0x000001fad2a00000,0x000001fad2a00000,0x000001fad2d00000)
 ParOldGen       total 68608K, used 58518K [0x000001d026e00000, 0x000001d02b100000, 0x000001fad1900000)
  object space 68608K, 85% used [0x000001d026e00000,0x000001d02a725890,0x000001d02b100000)
 Metaspace       used 52230K, committed 53568K, reserved 1114112K
  class space    used 5665K, committed 6272K, reserved 1048576K
}
Event: 20.705 GC heap after
{Heap after GC invocations=38 (full 2):
 PSYoungGen      total 15360K, used 757K [0x000001fad1900000, 0x000001fad2b00000, 0x0000021026e00000)
  eden space 14336K, 0% used [0x000001fad1900000,0x000001fad1900000,0x000001fad2700000)
  from space 1024K, 74% used [0x000001fad2a00000,0x000001fad2abd790,0x000001fad2b00000)
  to   space 1536K, 0% used [0x000001fad2800000,0x000001fad2800000,0x000001fad2980000)
 ParOldGen       total 68608K, used 59410K [0x000001d026e00000, 0x000001d02b100000, 0x000001fad1900000)
  object space 68608K, 86% used [0x000001d026e00000,0x000001d02a804a38,0x000001d02b100000)
 Metaspace       used 52230K, committed 53568K, reserved 1114112K
  class space    used 5665K, committed 6272K, reserved 1048576K
}
Event: 20.762 GC heap before
{Heap before GC invocations=39 (full 2):
 PSYoungGen      total 15360K, used 15093K [0x000001fad1900000, 0x000001fad2b00000, 0x0000021026e00000)
  eden space 14336K, 100% used [0x000001fad1900000,0x000001fad2700000,0x000001fad2700000)
  from space 1024K, 74% used [0x000001fad2a00000,0x000001fad2abd790,0x000001fad2b00000)
  to   space 1536K, 0% used [0x000001fad2800000,0x000001fad2800000,0x000001fad2980000)
 ParOldGen       total 68608K, used 59410K [0x000001d026e00000, 0x000001d02b100000, 0x000001fad1900000)
  object space 68608K, 86% used [0x000001d026e00000,0x000001d02a804a38,0x000001d02b100000)
 Metaspace       used 52236K, committed 53568K, reserved 1114112K
  class space    used 5665K, committed 6272K, reserved 1048576K
}
Event: 20.763 GC heap after
{Heap after GC invocations=39 (full 2):
 PSYoungGen      total 15872K, used 899K [0x000001fad1900000, 0x000001fad2a80000, 0x0000021026e00000)
  eden space 14336K, 0% used [0x000001fad1900000,0x000001fad1900000,0x000001fad2700000)
  from space 1536K, 58% used [0x000001fad2800000,0x000001fad28e0e48,0x000001fad2980000)
  to   space 1024K, 0% used [0x000001fad2980000,0x000001fad2980000,0x000001fad2a80000)
 ParOldGen       total 68608K, used 59434K [0x000001d026e00000, 0x000001d02b100000, 0x000001fad1900000)
  object space 68608K, 86% used [0x000001d026e00000,0x000001d02a80aa38,0x000001d02b100000)
 Metaspace       used 52236K, committed 53568K, reserved 1114112K
  class space    used 5665K, committed 6272K, reserved 1048576K
}
Event: 20.937 GC heap before
{Heap before GC invocations=40 (full 2):
 PSYoungGen      total 15872K, used 15235K [0x000001fad1900000, 0x000001fad2a80000, 0x0000021026e00000)
  eden space 14336K, 100% used [0x000001fad1900000,0x000001fad2700000,0x000001fad2700000)
  from space 1536K, 58% used [0x000001fad2800000,0x000001fad28e0e48,0x000001fad2980000)
  to   space 1024K, 0% used [0x000001fad2980000,0x000001fad2980000,0x000001fad2a80000)
 ParOldGen       total 68608K, used 59434K [0x000001d026e00000, 0x000001d02b100000, 0x000001fad1900000)
  object space 68608K, 86% used [0x000001d026e00000,0x000001d02a80aa38,0x000001d02b100000)
 Metaspace       used 53201K, committed 54528K, reserved 1114112K
  class space    used 5753K, committed 6336K, reserved 1048576K
}
Event: 20.938 GC heap after
{Heap after GC invocations=40 (full 2):
 PSYoungGen      total 14848K, used 256K [0x000001fad1900000, 0x000001fad2a00000, 0x0000021026e00000)
  eden space 14336K, 0% used [0x000001fad1900000,0x000001fad1900000,0x000001fad2700000)
  from space 512K, 50% used [0x000001fad2980000,0x000001fad29c0000,0x000001fad2a00000)
  to   space 512K, 0% used [0x000001fad2900000,0x000001fad2900000,0x000001fad2980000)
 ParOldGen       total 68608K, used 59450K [0x000001d026e00000, 0x000001d02b100000, 0x000001fad1900000)
  object space 68608K, 86% used [0x000001d026e00000,0x000001d02a80ea38,0x000001d02b100000)
 Metaspace       used 53201K, committed 54528K, reserved 1114112K
  class space    used 5753K, committed 6336K, reserved 1048576K
}
Event: 22.059 GC heap before
{Heap before GC invocations=41 (full 2):
 PSYoungGen      total 14848K, used 14592K [0x000001fad1900000, 0x000001fad2a00000, 0x0000021026e00000)
  eden space 14336K, 100% used [0x000001fad1900000,0x000001fad2700000,0x000001fad2700000)
  from space 512K, 50% used [0x000001fad2980000,0x000001fad29c0000,0x000001fad2a00000)
  to   space 512K, 0% used [0x000001fad2900000,0x000001fad2900000,0x000001fad2980000)
 ParOldGen       total 68608K, used 59450K [0x000001d026e00000, 0x000001d02b100000, 0x000001fad1900000)
  object space 68608K, 86% used [0x000001d026e00000,0x000001d02a80ea38,0x000001d02b100000)
 Metaspace       used 54690K, committed 56000K, reserved 1114112K
  class space    used 5884K, committed 6464K, reserved 1048576K
}
Event: 22.062 GC heap after
{Heap after GC invocations=41 (full 2):
 PSYoungGen      total 14848K, used 507K [0x000001fad1900000, 0x000001fad2a00000, 0x0000021026e00000)
  eden space 14336K, 0% used [0x000001fad1900000,0x000001fad1900000,0x000001fad2700000)
  from space 512K, 99% used [0x000001fad2900000,0x000001fad297ec78,0x000001fad2980000)
  to   space 512K, 0% used [0x000001fad2980000,0x000001fad2980000,0x000001fad2a00000)
 ParOldGen       total 68608K, used 60005K [0x000001d026e00000, 0x000001d02b100000, 0x000001fad1900000)
  object space 68608K, 87% used [0x000001d026e00000,0x000001d02a8994b8,0x000001d02b100000)
 Metaspace       used 54690K, committed 56000K, reserved 1114112K
  class space    used 5884K, committed 6464K, reserved 1048576K
}
Event: 22.317 GC heap before
{Heap before GC invocations=42 (full 2):
 PSYoungGen      total 14848K, used 14843K [0x000001fad1900000, 0x000001fad2a00000, 0x0000021026e00000)
  eden space 14336K, 100% used [0x000001fad1900000,0x000001fad2700000,0x000001fad2700000)
  from space 512K, 99% used [0x000001fad2900000,0x000001fad297ec78,0x000001fad2980000)
  to   space 512K, 0% used [0x000001fad2980000,0x000001fad2980000,0x000001fad2a00000)
 ParOldGen       total 68608K, used 60005K [0x000001d026e00000, 0x000001d02b100000, 0x000001fad1900000)
  object space 68608K, 87% used [0x000001d026e00000,0x000001d02a8994b8,0x000001d02b100000)
 Metaspace       used 56242K, committed 57536K, reserved 1114112K
  class space    used 6036K, committed 6592K, reserved 1048576K
}
Event: 22.319 GC heap after
{Heap after GC invocations=42 (full 2):
 PSYoungGen      total 14848K, used 505K [0x000001fad1900000, 0x000001fad2a00000, 0x0000021026e00000)
  eden space 14336K, 0% used [0x000001fad1900000,0x000001fad1900000,0x000001fad2700000)
  from space 512K, 98% used [0x000001fad2980000,0x000001fad29fe470,0x000001fad2a00000)
  to   space 1536K, 0% used [0x000001fad2700000,0x000001fad2700000,0x000001fad2880000)
 ParOldGen       total 68608K, used 60788K [0x000001d026e00000, 0x000001d02b100000, 0x000001fad1900000)
  object space 68608K, 88% used [0x000001d026e00000,0x000001d02a95d090,0x000001d02b100000)
 Metaspace       used 56242K, committed 57536K, reserved 1114112K
  class space    used 6036K, committed 6592K, reserved 1048576K
}

Dll operation events (20 events):
Event: 0.020 Attempting to load shared library c:\Users\soumi\.vscode\extensions\redhat.java-1.56.0-win32-x64\jre\21.0.12.1-win32-x86_64\bin\java.dll
Event: 0.020 Loaded shared library c:\Users\soumi\.vscode\extensions\redhat.java-1.56.0-win32-x64\jre\21.0.12.1-win32-x86_64\bin\java.dll
Event: 0.206 Attempting to load shared library c:\Users\soumi\.vscode\extensions\redhat.java-1.56.0-win32-x64\jre\21.0.12.1-win32-x86_64\bin\zip.dll
Event: 0.209 Loaded shared library c:\Users\soumi\.vscode\extensions\redhat.java-1.56.0-win32-x64\jre\21.0.12.1-win32-x86_64\bin\zip.dll
Event: 0.276 Attempting to load shared library C:\Users\soumi\.vscode\extensions\redhat.java-1.56.0-win32-x64\jre\21.0.12.1-win32-x86_64\bin\instrument.dll
Event: 0.276 Loaded shared library C:\Users\soumi\.vscode\extensions\redhat.java-1.56.0-win32-x64\jre\21.0.12.1-win32-x86_64\bin\instrument.dll
Event: 0.291 Attempting to load shared library C:\Users\soumi\.vscode\extensions\redhat.java-1.56.0-win32-x64\jre\21.0.12.1-win32-x86_64\bin\net.dll
Event: 0.296 Loaded shared library C:\Users\soumi\.vscode\extensions\redhat.java-1.56.0-win32-x64\jre\21.0.12.1-win32-x86_64\bin\net.dll
Event: 0.304 Attempting to load shared library C:\Users\soumi\.vscode\extensions\redhat.java-1.56.0-win32-x64\jre\21.0.12.1-win32-x86_64\bin\nio.dll
Event: 0.305 Loaded shared library C:\Users\soumi\.vscode\extensions\redhat.java-1.56.0-win32-x64\jre\21.0.12.1-win32-x86_64\bin\nio.dll
Event: 0.315 Attempting to load shared library C:\Users\soumi\.vscode\extensions\redhat.java-1.56.0-win32-x64\jre\21.0.12.1-win32-x86_64\bin\zip.dll
Event: 0.315 Loaded shared library C:\Users\soumi\.vscode\extensions\redhat.java-1.56.0-win32-x64\jre\21.0.12.1-win32-x86_64\bin\zip.dll
Event: 0.370 Attempting to load shared library C:\Users\soumi\.vscode\extensions\redhat.java-1.56.0-win32-x64\jre\21.0.12.1-win32-x86_64\bin\jimage.dll
Event: 0.370 Loaded shared library C:\Users\soumi\.vscode\extensions\redhat.java-1.56.0-win32-x64\jre\21.0.12.1-win32-x86_64\bin\jimage.dll
Event: 0.647 Attempting to load shared library c:\Users\soumi\.vscode\extensions\redhat.java-1.56.0-win32-x64\jre\21.0.12.1-win32-x86_64\bin\verify.dll
Event: 0.647 Loaded shared library c:\Users\soumi\.vscode\extensions\redhat.java-1.56.0-win32-x64\jre\21.0.12.1-win32-x86_64\bin\verify.dll
Event: 3.250 Attempting to load shared library C:\Users\soumi\AppData\Roaming\Code\User\globalStorage\redhat.java\1.56.0\config_win\org.eclipse.equinox.launcher\org.eclipse.equinox.launcher.win32.win32.x86_64_1.3.100.v20260804-1928\eclipse_11924.dll
Event: 3.253 Loaded shared library C:\Users\soumi\AppData\Roaming\Code\User\globalStorage\redhat.java\1.56.0\config_win\org.eclipse.equinox.launcher\org.eclipse.equinox.launcher.win32.win32.x86_64_1.3.100.v20260804-1928\eclipse_11924.dll
Event: 6.984 Attempting to load shared library C:\Users\soumi\AppData\Local\Temp\jna-109627637\jna12929722602896450698.dll
Event: 7.120 Loaded shared library C:\Users\soumi\AppData\Local\Temp\jna-109627637\jna12929722602896450698.dll

Deoptimization events (20 events):
Event: 22.571 Thread 0x00000212c60a6ca0 Uncommon trap: trap_request=0xffffff6e fr.pc=0x000001d01fcdff50 relative=0x0000000000000190
Event: 22.571 Thread 0x00000212c60a6ca0 Uncommon trap: reason=loop_limit_check action=maybe_recompile pc=0x000001d01fcdff50 method=org.eclipse.jdt.internal.core.util.HashtableOfArrayToObject.hashCode([Ljava/lang/Object;I)I @ 27 c2
Event: 22.571 Thread 0x00000212c60a6ca0 DEOPT PACKING pc=0x000001d01fcdff50 sp=0x000000a44b2fd460
Event: 22.571 Thread 0x00000212c60a6ca0 DEOPT UNPACKING pc=0x000001d01f283aa2 sp=0x000000a44b2fd3e8 mode 2
Event: 22.633 Thread 0x00000212c60a6ca0 Uncommon trap: trap_request=0xffffff45 fr.pc=0x000001d01fce7384 relative=0x00000000000019c4
Event: 22.633 Thread 0x00000212c60a6ca0 Uncommon trap: reason=unstable_if action=reinterpret pc=0x000001d01fce7384 method=org.eclipse.jdt.internal.core.JavaModelCache.getInfo(Lorg/eclipse/jdt/core/IJavaElement;)Lorg/eclipse/jdt/internal/compiler/env/IElementInfo; @ 6 c2
Event: 22.633 Thread 0x00000212c60a6ca0 DEOPT PACKING pc=0x000001d01fce7384 sp=0x000000a44b2fcb80
Event: 22.633 Thread 0x00000212c60a6ca0 DEOPT UNPACKING pc=0x000001d01f283aa2 sp=0x000000a44b2fcaf0 mode 2
Event: 22.650 Thread 0x00000212c60a6ca0 Uncommon trap: trap_request=0xffffff6e fr.pc=0x000001d01fbf18f8 relative=0x00000000000003b8
Event: 22.650 Thread 0x00000212c60a6ca0 Uncommon trap: reason=loop_limit_check action=maybe_recompile pc=0x000001d01fbf18f8 method=org.eclipse.jdt.internal.compiler.classfmt.ClassFileStruct.utf8At(II)[C @ 143 c2
Event: 22.650 Thread 0x00000212c60a6ca0 DEOPT PACKING pc=0x000001d01fbf18f8 sp=0x000000a44b2fc4b0
Event: 22.650 Thread 0x00000212c60a6ca0 DEOPT UNPACKING pc=0x000001d01f283aa2 sp=0x000000a44b2fc448 mode 2
Event: 22.652 Thread 0x00000212c60a6ca0 Uncommon trap: trap_request=0xffffffde fr.pc=0x000001d01f9c1a3c relative=0x000000000000061c
Event: 22.652 Thread 0x00000212c60a6ca0 Uncommon trap: reason=class_check action=maybe_recompile pc=0x000001d01f9c1a3c method=java.util.HashMap.putVal(ILjava/lang/Object;Ljava/lang/Object;ZZ)Ljava/lang/Object; @ 203 c2
Event: 22.652 Thread 0x00000212c60a6ca0 DEOPT PACKING pc=0x000001d01f9c1a3c sp=0x000000a44b2fc690
Event: 22.652 Thread 0x00000212c60a6ca0 DEOPT UNPACKING pc=0x000001d01f283aa2 sp=0x000000a44b2fc598 mode 2
Event: 22.655 Thread 0x00000212c60a6ca0 Uncommon trap: trap_request=0xffffff45 fr.pc=0x000001d01fce3f38 relative=0x0000000000000198
Event: 22.655 Thread 0x00000212c60a6ca0 Uncommon trap: reason=unstable_if action=reinterpret pc=0x000001d01fce3f38 method=java.util.Arrays.equals([C[C)Z @ 8 c2
Event: 22.655 Thread 0x00000212c60a6ca0 DEOPT PACKING pc=0x000001d01fce3f38 sp=0x000000a44b2fd020
Event: 22.655 Thread 0x00000212c60a6ca0 DEOPT UNPACKING pc=0x000001d01f283aa2 sp=0x000000a44b2fcfd8 mode 2

Classes loaded (20 events):
Event: 21.989 Loading class java/util/ArrayDeque$DeqSpliterator
Event: 21.989 Loading class java/util/ArrayDeque$DeqSpliterator done
Event: 22.028 Loading class java/util/Collections$SynchronizedRandomAccessList
Event: 22.028 Loading class java/util/Collections$SynchronizedList
Event: 22.029 Loading class java/util/Collections$SynchronizedList done
Event: 22.029 Loading class java/util/Collections$SynchronizedRandomAccessList done
Event: 22.145 Loading class java/util/concurrent/CompletableFuture$Signaller
Event: 22.146 Loading class java/util/concurrent/CompletableFuture$Signaller done
Event: 22.216 Loading class java/util/Hashtable$ValueCollection
Event: 22.216 Loading class java/util/Hashtable$ValueCollection done
Event: 22.250 Loading class java/util/concurrent/ForkJoinTask$AdaptedCallable
Event: 22.250 Loading class java/util/concurrent/ForkJoinTask$AdaptedCallable done
Event: 22.440 Loading class java/nio/charset/CharacterCodingException
Event: 22.440 Loading class java/nio/charset/CharacterCodingException done
Event: 22.440 Loading class java/io/SequenceInputStream
Event: 22.440 Loading class java/io/SequenceInputStream done
Event: 22.605 Loading class java/util/stream/ReduceOps$4
Event: 22.605 Loading class java/util/stream/ReduceOps$4 done
Event: 22.605 Loading class java/util/stream/ReduceOps$4ReducingSink
Event: 22.606 Loading class java/util/stream/ReduceOps$4ReducingSink done

Classes unloaded (20 events):
Event: 8.178 Thread 0x000001d0146424b0 Unloading class 0x000002127f1a4800 'java/lang/invoke/LambdaForm$MH+0x000002127f1a4800'
Event: 8.178 Thread 0x000001d0146424b0 Unloading class 0x000002127f1a4400 'java/lang/invoke/LambdaForm$MH+0x000002127f1a4400'
Event: 8.178 Thread 0x000001d0146424b0 Unloading class 0x000002127f1a4000 'java/lang/invoke/LambdaForm$MH+0x000002127f1a4000'
Event: 8.178 Thread 0x000001d0146424b0 Unloading class 0x000002127f1a3c00 'java/lang/invoke/LambdaForm$MH+0x000002127f1a3c00'
Event: 8.178 Thread 0x000001d0146424b0 Unloading class 0x000002127f1a3800 'java/lang/invoke/LambdaForm$BMH+0x000002127f1a3800'
Event: 8.178 Thread 0x000001d0146424b0 Unloading class 0x000002127f1a3400 'java/lang/invoke/LambdaForm$DMH+0x000002127f1a3400'
Event: 8.178 Thread 0x000001d0146424b0 Unloading class 0x000002127f1a2000 'java/lang/invoke/LambdaForm$DMH+0x000002127f1a2000'
Event: 11.033 Thread 0x000001d0146424b0 Unloading class 0x000002127f2ee000 'java/lang/invoke/LambdaForm$MH+0x000002127f2ee000'
Event: 11.033 Thread 0x000001d0146424b0 Unloading class 0x000002127f2ed400 'java/lang/invoke/LambdaForm$MH+0x000002127f2ed400'
Event: 11.033 Thread 0x000001d0146424b0 Unloading class 0x000002127f2ecc00 'java/lang/invoke/LambdaForm$MH+0x000002127f2ecc00'
Event: 11.033 Thread 0x000001d0146424b0 Unloading class 0x000002127f2ec400 'java/lang/invoke/LambdaForm$DMH+0x000002127f2ec400'
Event: 11.033 Thread 0x000001d0146424b0 Unloading class 0x000002127f2ebc00 'java/lang/invoke/LambdaForm$MH+0x000002127f2ebc00'
Event: 11.033 Thread 0x000001d0146424b0 Unloading class 0x000002127f2e8400 'java/lang/invoke/LambdaForm$MH+0x000002127f2e8400'
Event: 11.033 Thread 0x000001d0146424b0 Unloading class 0x000002127f2e8000 'java/lang/invoke/LambdaForm$MH+0x000002127f2e8000'
Event: 11.033 Thread 0x000001d0146424b0 Unloading class 0x000002127f2e3400 'java/lang/invoke/LambdaForm$MH+0x000002127f2e3400'
Event: 11.033 Thread 0x000001d0146424b0 Unloading class 0x000002127f2e2c00 'java/lang/invoke/LambdaForm$MH+0x000002127f2e2c00'
Event: 11.033 Thread 0x000001d0146424b0 Unloading class 0x000002127f2e2400 'java/lang/invoke/LambdaForm$MH+0x000002127f2e2400'
Event: 11.033 Thread 0x000001d0146424b0 Unloading class 0x000002127f2e1c00 'java/lang/invoke/LambdaForm$MH+0x000002127f2e1c00'
Event: 11.033 Thread 0x000001d0146424b0 Unloading class 0x000002127f2e1400 'java/lang/invoke/LambdaForm$MH+0x000002127f2e1400'
Event: 11.033 Thread 0x000001d0146424b0 Unloading class 0x000002127f2e1000 'java/lang/invoke/LambdaForm$MH+0x000002127f2e1000'

Classes redefined (0 events):
No events

Internal exceptions (20 events):
Event: 21.961 Thread 0x00000212c60a6ca0 Exception <a 'java/io/FileNotFoundException'{0x000001fad22417c8}> (0x000001fad22417c8) 
thrown [s\src\hotspot\share\prims\jni.cpp, line 520]
Event: 21.962 Thread 0x00000212c60a6ca0 Exception <a 'java/io/FileNotFoundException'{0x000001fad2243288}> (0x000001fad2243288) 
thrown [s\src\hotspot\share\prims\jni.cpp, line 520]
Event: 21.963 Thread 0x00000212c60a6ca0 Exception <a 'java/io/FileNotFoundException'{0x000001fad2244a48}> (0x000001fad2244a48) 
thrown [s\src\hotspot\share\prims\jni.cpp, line 520]
Event: 22.106 Thread 0x00000212c4ed5060 Exception <a 'java/io/FileNotFoundException'{0x000001fad1bf1600}> (0x000001fad1bf1600) 
thrown [s\src\hotspot\share\prims\jni.cpp, line 520]
Event: 22.114 Thread 0x00000212c4ed5060 Exception <a 'java/io/FileNotFoundException'{0x000001fad1bf2c30}> (0x000001fad1bf2c30) 
thrown [s\src\hotspot\share\prims\jni.cpp, line 520]
Event: 22.116 Thread 0x00000212c4ed5060 Exception <a 'java/io/FileNotFoundException'{0x000001fad1bf3f40}> (0x000001fad1bf3f40) 
thrown [s\src\hotspot\share\prims\jni.cpp, line 520]
Event: 22.248 Thread 0x00000212c4ed5060 Exception <a 'sun/nio/fs/WindowsException'{0x000001fad2554138}> (0x000001fad2554138) 
thrown [s\src\hotspot\share\prims\jni.cpp, line 520]
Event: 22.256 Thread 0x00000212c4ed5060 Exception <a 'sun/nio/fs/WindowsException'{0x000001fad25701c8}> (0x000001fad25701c8) 
thrown [s\src\hotspot\share\prims\jni.cpp, line 520]
Event: 22.271 Thread 0x00000212c4ed5060 Exception <a 'sun/nio/fs/WindowsException'{0x000001fad2579f00}> (0x000001fad2579f00) 
thrown [s\src\hotspot\share\prims\jni.cpp, line 520]
Event: 22.305 Thread 0x00000212c4ed5060 Exception <a 'sun/nio/fs/WindowsException'{0x000001fad2677c00}> (0x000001fad2677c00) 
thrown [s\src\hotspot\share\prims\jni.cpp, line 520]
Event: 22.336 Thread 0x00000212c4ed5060 Exception <a 'sun/nio/fs/WindowsException'{0x000001fad196e8a8}> (0x000001fad196e8a8) 
thrown [s\src\hotspot\share\prims\jni.cpp, line 520]
Event: 22.345 Thread 0x00000212c4ed5060 Exception <a 'sun/nio/fs/WindowsException'{0x000001fad19a99d8}> (0x000001fad19a99d8) 
thrown [s\src\hotspot\share\prims\jni.cpp, line 520]
Event: 22.367 Thread 0x00000212c4ed5060 Exception <a 'sun/nio/fs/WindowsException'{0x000001fad19d6788}> (0x000001fad19d6788) 
thrown [s\src\hotspot\share\prims\jni.cpp, line 520]
Event: 22.375 Thread 0x00000212c4ed5060 Exception <a 'sun/nio/fs/WindowsException'{0x000001fad19e8c80}> (0x000001fad19e8c80) 
thrown [s\src\hotspot\share\prims\jni.cpp, line 520]
Event: 22.386 Thread 0x00000212c4ed5060 Exception <a 'sun/nio/fs/WindowsException'{0x000001fad1a1a740}> (0x000001fad1a1a740) 
thrown [s\src\hotspot\share\prims\jni.cpp, line 520]
Event: 22.467 Thread 0x00000212c60a6ca0 Exception <a 'java/io/FileNotFoundException'{0x000001fad1e4f7f0}> (0x000001fad1e4f7f0) 
thrown [s\src\hotspot\share\prims\jni.cpp, line 520]
Event: 22.469 Thread 0x00000212c60a6ca0 Exception <a 'java/io/FileNotFoundException'{0x000001fad1e50b00}> (0x000001fad1e50b00) 
thrown [s\src\hotspot\share\prims\jni.cpp, line 520]
Event: 22.556 Thread 0x00000212c60a6ca0 Exception <a 'java/lang/IncompatibleClassChangeError'{0x000001fad21c13d0}: Found class java.lang.Object, but interface was expected> (0x000001fad21c13d0) 
thrown [s\src\hotspot\share\interpreter\linkResolver.cpp, line 840]
Event: 22.615 Thread 0x00000212c60a6ca0 Exception <a 'java/lang/NoSuchMethodError'{0x000001fad23d7a68}: 'int java.lang.invoke.DirectMethodHandle$Holder.invokeSpecialIFC(java.lang.Object, java.lang.Object, java.lang.Object)'> (0x000001fad23d7a68) 
thrown [s\src\hotspot\share\interpreter\linkResolver.cpp, line 773]
Event: 22.655 Thread 0x00000212c60a6ca0 Implicit null exception at 0x000001d01fce3dcf to 0x000001d01fce3f28

ZGC Phase Switch (0 events):
No events

VM Operations (20 events):
Event: 21.906 Executing non-safepoint VM operation: HandshakeAllThreads (Deoptimize)
Event: 21.906 Executing non-safepoint VM operation: HandshakeAllThreads (Deoptimize) done
Event: 22.010 Executing non-safepoint VM operation: HandshakeAllThreads (Deoptimize)
Event: 22.017 Executing non-safepoint VM operation: HandshakeAllThreads (Deoptimize) done
Event: 22.018 Executing safepoint VM operation: Cleanup
Event: 22.018 Executing safepoint VM operation: Cleanup done
Event: 22.021 Executing non-safepoint VM operation: HandshakeAllThreads (Deoptimize)
Event: 22.021 Executing non-safepoint VM operation: HandshakeAllThreads (Deoptimize) done
Event: 22.038 Executing non-safepoint VM operation: HandshakeAllThreads (Deoptimize)
Event: 22.039 Executing non-safepoint VM operation: HandshakeAllThreads (Deoptimize) done
Event: 22.059 Executing safepoint VM operation: ParallelGCFailedAllocation (Allocation Failure)
Event: 22.062 Executing safepoint VM operation: ParallelGCFailedAllocation (Allocation Failure) done
Event: 22.113 Executing non-safepoint VM operation: HandshakeAllThreads (Deoptimize)
Event: 22.113 Executing non-safepoint VM operation: HandshakeAllThreads (Deoptimize) done
Event: 22.205 Executing non-safepoint VM operation: HandshakeAllThreads (Deoptimize)
Event: 22.205 Executing non-safepoint VM operation: HandshakeAllThreads (Deoptimize) done
Event: 22.316 Executing safepoint VM operation: ParallelGCFailedAllocation (Allocation Failure)
Event: 22.319 Executing safepoint VM operation: ParallelGCFailedAllocation (Allocation Failure) done
Event: 22.622 Executing non-safepoint VM operation: HandshakeAllThreads (Deoptimize)
Event: 22.622 Executing non-safepoint VM operation: HandshakeAllThreads (Deoptimize) done

Memory protections (0 events):
No events

Nmethod flushes (20 events):
Event: 11.057 Thread 0x000001d0146424b0 flushing  nmethod 0x000001d018352710
Event: 11.057 Thread 0x000001d0146424b0 flushing  nmethod 0x000001d018353010
Event: 11.057 Thread 0x000001d0146424b0 flushing  nmethod 0x000001d018354210
Event: 11.057 Thread 0x000001d0146424b0 flushing  nmethod 0x000001d018354a10
Event: 11.057 Thread 0x000001d0146424b0 flushing  nmethod 0x000001d018355190
Event: 11.057 Thread 0x000001d0146424b0 flushing  nmethod 0x000001d018356710
Event: 11.057 Thread 0x000001d0146424b0 flushing  nmethod 0x000001d018356c10
Event: 11.057 Thread 0x000001d0146424b0 flushing  nmethod 0x000001d018357010
Event: 11.057 Thread 0x000001d0146424b0 flushing  nmethod 0x000001d018358110
Event: 11.057 Thread 0x000001d0146424b0 flushing  nmethod 0x000001d018359310
Event: 11.057 Thread 0x000001d0146424b0 flushing  nmethod 0x000001d018359e90
Event: 11.057 Thread 0x000001d0146424b0 flushing  nmethod 0x000001d01835a690
Event: 11.057 Thread 0x000001d0146424b0 flushing  nmethod 0x000001d01835b210
Event: 11.057 Thread 0x000001d0146424b0 flushing  nmethod 0x000001d018368d90
Event: 11.057 Thread 0x000001d0146424b0 flushing  nmethod 0x000001d018398090
Event: 11.057 Thread 0x000001d0146424b0 flushing  nmethod 0x000001d018399410
Event: 11.057 Thread 0x000001d0146424b0 flushing  nmethod 0x000001d0183a0e10
Event: 11.057 Thread 0x000001d0146424b0 flushing  nmethod 0x000001d0183f6290
Event: 11.057 Thread 0x000001d0146424b0 flushing  nmethod 0x000001d018418190
Event: 11.057 Thread 0x000001d0146424b0 flushing  nmethod 0x000001d018427210

Events (20 events):
Event: 19.005 Thread 0x00000212c4d27ec0 Thread exited: 0x00000212c4d27ec0
Event: 19.071 Thread 0x000001d01467e640 Thread added: 0x00000212c438f850
Event: 20.224 Thread 0x00000212c438f850 Thread exited: 0x00000212c438f850
Event: 20.656 Thread 0x000001d01467e640 Thread added: 0x00000212c5fbe620
Event: 20.689 Thread 0x000001d01466bda0 Thread added: 0x00000212c6a19ab0
Event: 21.549 Thread 0x00000212c6a19ab0 Thread exited: 0x00000212c6a19ab0
Event: 21.549 Thread 0x00000212c5fbe620 Thread exited: 0x00000212c5fbe620
Event: 21.830 Thread 0x00000212c60ac880 Thread exited: 0x00000212c60ac880
Event: 22.074 Thread 0x000001d01467e640 Thread added: 0x00000212c6374090
Event: 22.251 Thread 0x00000212c4ed5060 Thread added: 0x00000212c60abb60
Event: 22.257 Thread 0x00000212c60abb60 Thread added: 0x00000212c60aa7b0
Event: 22.258 Thread 0x00000212c60aa7b0 Thread added: 0x00000212c60ab4d0
Event: 22.272 Thread 0x00000212c60abb60 Thread added: 0x00000212c60ac1f0
Event: 22.276 Thread 0x00000212c60ac1f0 Thread added: 0x00000212c60ac880
Event: 22.438 Thread 0x00000212c4ed5060 Thread added: 0x00000212c60aae40
Event: 22.439 Thread 0x00000212c4ed5060 Thread added: 0x00000212c60acf10
Event: 22.439 Thread 0x00000212c4ed5060 Thread added: 0x00000212c6371270
Event: 22.439 Thread 0x00000212c4ed5060 Thread added: 0x00000212c6370550
Event: 22.439 Thread 0x00000212c4ed5060 Thread added: 0x00000212c636f1a0
Event: 22.439 Thread 0x00000212c4ed5060 Thread added: 0x00000212c6371900


Dynamic libraries:
0x00007ff640cd0000 - 0x00007ff640cde000 	c:\Users\soumi\.vscode\extensions\redhat.java-1.56.0-win32-x64\jre\21.0.12.1-win32-x86_64\bin\java.exe
0x00007ffce3f80000 - 0x00007ffce41e7000 	C:\WINDOWS\SYSTEM32\ntdll.dll
0x00007ffce3440000 - 0x00007ffce350b000 	C:\WINDOWS\System32\KERNEL32.DLL
0x00007ffce13c0000 - 0x00007ffce17c1000 	C:\WINDOWS\System32\KERNELBASE.dll
0x00007ffce1a10000 - 0x00007ffce1b5c000 	C:\WINDOWS\System32\ucrtbase.dll
0x00007ffcd7de0000 - 0x00007ffcd7df8000 	c:\Users\soumi\.vscode\extensions\redhat.java-1.56.0-win32-x64\jre\21.0.12.1-win32-x86_64\bin\jli.dll
0x00007ffce2c60000 - 0x00007ffce2e37000 	C:\WINDOWS\System32\USER32.dll
0x00007ffcc9de0000 - 0x00007ffcc9dfe000 	c:\Users\soumi\.vscode\extensions\redhat.java-1.56.0-win32-x64\jre\21.0.12.1-win32-x86_64\bin\VCRUNTIME140.dll
0x00007ffce12d0000 - 0x00007ffce12f7000 	C:\WINDOWS\System32\win32u.dll
0x00007ffce3f10000 - 0x00007ffce3f3b000 	C:\WINDOWS\System32\GDI32.dll
0x00007ffce1b70000 - 0x00007ffce1c98000 	C:\WINDOWS\System32\gdi32full.dll
0x00007ffce1960000 - 0x00007ffce1a03000 	C:\WINDOWS\System32\msvcp_win.dll
0x00007ffcbb200000 - 0x00007ffcbb490000 	C:\WINDOWS\WinSxS\amd64_microsoft.windows.common-controls_6595b64144ccf1df_6.0.26100.9549_none_3e0a0396e3330090\COMCTL32.dll
0x00007ffce30e0000 - 0x00007ffce3189000 	C:\WINDOWS\System32\msvcrt.dll
0x00007ffce23c0000 - 0x00007ffce23f1000 	C:\WINDOWS\System32\IMM32.DLL
0x00007ffcd7d40000 - 0x00007ffcd7d4c000 	c:\Users\soumi\.vscode\extensions\redhat.java-1.56.0-win32-x64\jre\21.0.12.1-win32-x86_64\bin\vcruntime140_1.dll
0x00007ffc6ed00000 - 0x00007ffc6ed8d000 	c:\Users\soumi\.vscode\extensions\redhat.java-1.56.0-win32-x64\jre\21.0.12.1-win32-x86_64\bin\msvcp140.dll
0x00007ffbf7330000 - 0x00007ffbf80d2000 	c:\Users\soumi\.vscode\extensions\redhat.java-1.56.0-win32-x64\jre\21.0.12.1-win32-x86_64\bin\server\jvm.dll
0x00007ffce3990000 - 0x00007ffce3a4b000 	C:\WINDOWS\System32\ADVAPI32.dll
0x00007ffce2310000 - 0x00007ffce23b8000 	C:\WINDOWS\System32\sechost.dll
0x00007ffce3dc0000 - 0x00007ffce3ed8000 	C:\WINDOWS\System32\RPCRT4.dll
0x00007ffce3190000 - 0x00007ffce3211000 	C:\WINDOWS\System32\WS2_32.dll
0x00007ffce0fd0000 - 0x00007ffce102e000 	C:\WINDOWS\SYSTEM32\POWRPROF.dll
0x00007ffccdff0000 - 0x00007ffccdffb000 	C:\WINDOWS\SYSTEM32\VERSION.dll
0x00007ffcd5440000 - 0x00007ffcd5477000 	C:\WINDOWS\SYSTEM32\WINMM.dll
0x00007ffce0fb0000 - 0x00007ffce0fc5000 	C:\WINDOWS\SYSTEM32\UMPDC.dll
0x00007ffcdfe20000 - 0x00007ffcdfe3b000 	C:\WINDOWS\SYSTEM32\kernel.appcore.dll
0x00007ffcc9ec0000 - 0x00007ffcc9eca000 	c:\Users\soumi\.vscode\extensions\redhat.java-1.56.0-win32-x64\jre\21.0.12.1-win32-x86_64\bin\jimage.dll
0x00007ffcde650000 - 0x00007ffcde89c000 	C:\WINDOWS\SYSTEM32\DBGHELP.DLL
0x00007ffce35f0000 - 0x00007ffce397a000 	C:\WINDOWS\System32\combase.dll
0x00007ffce3510000 - 0x00007ffce35e9000 	C:\WINDOWS\System32\OLEAUT32.dll
0x00007ffcb86d0000 - 0x00007ffcb870b000 	C:\WINDOWS\SYSTEM32\dbgcore.DLL
0x00007ffce1180000 - 0x00007ffce122c000 	C:\WINDOWS\System32\bcryptPrimitives.dll
0x00007ffcc9dd0000 - 0x00007ffcc9ddf000 	c:\Users\soumi\.vscode\extensions\redhat.java-1.56.0-win32-x64\jre\21.0.12.1-win32-x86_64\bin\instrument.dll
0x00007ffcc8dd0000 - 0x00007ffcc8df0000 	c:\Users\soumi\.vscode\extensions\redhat.java-1.56.0-win32-x64\jre\21.0.12.1-win32-x86_64\bin\java.dll
0x00007ffce2400000 - 0x00007ffce2b9c000 	C:\WINDOWS\System32\SHELL32.dll
0x00007ffcdeb90000 - 0x00007ffcdf43d000 	C:\WINDOWS\SYSTEM32\windows.storage.dll
0x00007ffce3c70000 - 0x00007ffce3d69000 	C:\WINDOWS\System32\SHCORE.dll
0x00007ffce3b40000 - 0x00007ffce3ba6000 	C:\WINDOWS\System32\shlwapi.dll
0x00007ffce1090000 - 0x00007ffce10b9000 	C:\WINDOWS\SYSTEM32\profapi.dll
0x00007ffcdd970000 - 0x00007ffcdd988000 	c:\Users\soumi\.vscode\extensions\redhat.java-1.56.0-win32-x64\jre\21.0.12.1-win32-x86_64\bin\zip.dll
0x00007ffcc9d90000 - 0x00007ffcc9da0000 	C:\Users\soumi\.vscode\extensions\redhat.java-1.56.0-win32-x64\jre\21.0.12.1-win32-x86_64\bin\net.dll
0x00007ffcd5200000 - 0x00007ffcd532a000 	C:\WINDOWS\SYSTEM32\WINHTTP.dll
0x00007ffce03e0000 - 0x00007ffce044c000 	C:\WINDOWS\system32\mswsock.dll
0x00007ffcc9770000 - 0x00007ffcc9786000 	C:\Users\soumi\.vscode\extensions\redhat.java-1.56.0-win32-x64\jre\21.0.12.1-win32-x86_64\bin\nio.dll
0x00007ffcc9d40000 - 0x00007ffcc9d50000 	c:\Users\soumi\.vscode\extensions\redhat.java-1.56.0-win32-x64\jre\21.0.12.1-win32-x86_64\bin\verify.dll
0x00007ffcad0a0000 - 0x00007ffcad0e5000 	C:\Users\soumi\AppData\Roaming\Code\User\globalStorage\redhat.java\1.56.0\config_win\org.eclipse.equinox.launcher\org.eclipse.equinox.launcher.win32.win32.x86_64_1.3.100.v20260804-1928\eclipse_11924.dll
0x00007ffce2f40000 - 0x00007ffce30da000 	C:\WINDOWS\System32\ole32.dll
0x00007ffce06d0000 - 0x00007ffce06eb000 	C:\WINDOWS\SYSTEM32\CRYPTSP.dll
0x00007ffcdfd80000 - 0x00007ffcdfdb9000 	C:\WINDOWS\system32\rsaenh.dll
0x00007ffce0490000 - 0x00007ffce04c4000 	C:\WINDOWS\SYSTEM32\USERENV.dll
0x00007ffce1060000 - 0x00007ffce108a000 	C:\WINDOWS\SYSTEM32\bcrypt.dll
0x00007ffce06f0000 - 0x00007ffce06fc000 	C:\WINDOWS\SYSTEM32\CRYPTBASE.dll
0x00007ffcdf850000 - 0x00007ffcdf883000 	C:\WINDOWS\SYSTEM32\IPHLPAPI.DLL
0x00007ffce3430000 - 0x00007ffce343a000 	C:\WINDOWS\System32\NSI.dll
0x00007ffcab970000 - 0x00007ffcab9b9000 	C:\Users\soumi\AppData\Local\Temp\jna-109627637\jna12929722602896450698.dll
0x00007ffce3220000 - 0x00007ffce3228000 	C:\WINDOWS\System32\PSAPI.DLL
0x00007ffcd8950000 - 0x00007ffcd896e000 	C:\WINDOWS\SYSTEM32\dhcpcsvc6.DLL
0x00007ffcd8920000 - 0x00007ffcd8945000 	C:\WINDOWS\SYSTEM32\dhcpcsvc.DLL

JVMTI agents:
c:\Users\soumi\.vscode\extensions\redhat.java-1.56.0-win32-x64\lombok\lombok-1.18.39-4050.jar path:c:\Users\soumi\.vscode\extensions\redhat.java-1.56.0-win32-x64\jre\21.0.12.1-win32-x86_64\bin\instrument.dll, loaded, initialized, instrumentlib options:none

dbghelp: loaded successfully - version: 4.0.5 - missing functions: none
symbol engine: initialized successfully - sym options: 0x614 - pdb path: .;c:\Users\soumi\.vscode\extensions\redhat.java-1.56.0-win32-x64\jre\21.0.12.1-win32-x86_64\bin;C:\WINDOWS\SYSTEM32;C:\WINDOWS\WinSxS\amd64_microsoft.windows.common-controls_6595b64144ccf1df_6.0.26100.9549_none_3e0a0396e3330090;c:\Users\soumi\.vscode\extensions\redhat.java-1.56.0-win32-x64\jre\21.0.12.1-win32-x86_64\bin\server;C:\Users\soumi\AppData\Roaming\Code\User\globalStorage\redhat.java\1.56.0\config_win\org.eclipse.equinox.launcher\org.eclipse.equinox.launcher.win32.win32.x86_64_1.3.100.v20260804-1928;C:\Users\soumi\AppData\Local\Temp\jna-109627637

VM Arguments:
jvm_args: --add-modules=ALL-SYSTEM --add-opens=java.base/java.util=ALL-UNNAMED --add-opens=java.base/java.lang=ALL-UNNAMED --add-opens=java.base/sun.nio.fs=ALL-UNNAMED -Declipse.application=org.eclipse.jdt.ls.core.id1 -Dosgi.bundles.defaultStartLevel=4 -Declipse.product=org.eclipse.jdt.ls.core.product -Djava.import.generatesMetadataFilesAtProjectRoot=false -Dm2e.project.cache.size=50 -DDetectVMInstallationsJob.disabled=true -Dfile.encoding=utf8 -XX:+UseParallelGC -XX:GCTimeRatio=4 -XX:AdaptiveSizePolicyWeight=90 -Dsun.zip.disableMemoryMapping=true -Xmx256G -Xms100m -Xlog:disable -javaagent:c:\Users\soumi\.vscode\extensions\redhat.java-1.56.0-win32-x64\lombok\lombok-1.18.39-4050.jar -XX:+HeapDumpOnOutOfMemoryError -XX:HeapDumpPath=c:\Users\soumi\AppData\Roaming\Code\User\workspaceStorage\67957d606bb49ef4f1eed16d5ab27f77\redhat.java -Daether.dependencyCollector.impl=bf 
java_command: c:\Users\soumi\.vscode\extensions\redhat.java-1.56.0-win32-x64\server\plugins\org.eclipse.equinox.launcher_1.8.0.v20260804-1928.jar -configuration c:\Users\soumi\AppData\Roaming\Code\User\globalStorage\redhat.java\1.56.0\config_win -data c:\Users\soumi\AppData\Roaming\Code\User\workspaceStorage\67957d606bb49ef4f1eed16d5ab27f77\redhat.java\jdt_ws --pipe=\\.\pipe\lsp-1d6303e940682243d4872f0b48a283ba-sock
java_class_path (initial): c:\Users\soumi\.vscode\extensions\redhat.java-1.56.0-win32-x64\server\plugins\org.eclipse.equinox.launcher_1.8.0.v20260804-1928.jar
Launcher Type: SUN_STANDARD

[Global flags]
    uintx AdaptiveSizePolicyWeight                 = 90                                        {product} {command line}
     intx CICompilerCount                          = 4                                         {product} {ergonomic}
    uintx GCTimeRatio                              = 4                                         {product} {command line}
     bool HeapDumpOnOutOfMemoryError               = true                                   {manageable} {command line}
    ccstr HeapDumpPath                             = c:\Users\soumi\AppData\Roaming\Code\User\workspaceStorage\67957d606bb49ef4f1eed16d5ab27f77\redhat.java         {manageable} {command line}
   size_t InitialHeapSize                          = 104857600                                 {product} {command line}
   size_t MaxHeapSize                              = 274877906944                              {product} {command line}
   size_t MaxNewSize                               = 91625619456                               {product} {ergonomic}
   size_t MinHeapDeltaBytes                        = 524288                                    {product} {ergonomic}
   size_t MinHeapSize                              = 104857600                                 {product} {command line}
   size_t NewSize                                  = 34603008                                  {product} {ergonomic}
    uintx NonNMethodCodeHeapSize                   = 5839372                                {pd product} {ergonomic}
    uintx NonProfiledCodeHeapSize                  = 122909434                              {pd product} {ergonomic}
   size_t OldSize                                  = 70254592                                  {product} {ergonomic}
    uintx ProfiledCodeHeapSize                     = 122909434                              {pd product} {ergonomic}
    uintx ReservedCodeCacheSize                    = 251658240                              {pd product} {ergonomic}
     bool SegmentedCodeCache                       = true                                      {product} {ergonomic}
   size_t SoftMaxHeapSize                          = 274877906944                           {manageable} {ergonomic}
     bool UseLargePagesIndividualAllocation        = false                                  {pd product} {ergonomic}
     bool UseParallelGC                            = true                                      {product} {command line}

Logging:
Log output configuration:
 #0: stdout all=off uptime,level,tags foldmultilines=false
 #1: stderr all=off uptime,level,tags foldmultilines=false

Release file:
JAVA_VERSION="21.0.12.1" 
MODULES="java.base java.compiler java.datatransfer java.xml java.prefs java.desktop java.instrument java.logging java.management java.security.sasl java.naming java.rmi java.management.rmi java.net.http java.scripting java.security.jgss java.transaction.xa java.sql java.sql.rowset java.xml.crypto java.se java.smartcardio jdk.accessibility jdk.internal.jvmstat jdk.attach jdk.charsets jdk.internal.opt jdk.zipfs jdk.compiler jdk.crypto.ec jdk.crypto.cryptoki jdk.crypto.mscapi jdk.dynalink jdk.internal.ed jdk.editpad jdk.hotspot.agent jdk.httpserver jdk.internal.le jdk.internal.vm.ci jdk.internal.vm.compiler jdk.internal.vm.compiler.management jdk.jartool jdk.javadoc jdk.jcmd jdk.management jdk.management.agent jdk.jconsole jdk.jdeps jdk.jdwp.agent jdk.jdi jdk.jfr jdk.jshell jdk.jsobject jdk.jstatd jdk.localedata jdk.management.jfr jdk.naming.dns jdk.naming.rmi jdk.net jdk.nio.mapmode jdk.random jdk.sctp jdk.security.auth jdk.security.jgss jdk.unsupported jdk.unsupported.desktop jdk.xml.dom" 

Environment Variables:
JAVA_HOME=C:\Program Files\Java\jdk-25
PATH=C:\Program Files\Java\jdk-25\bin;C:\Program Files\Eclipse Adoptium\jdk-17.0.19.10-hotspot\bin;C:\Program Files\Common Files\Oracle\Java\javapath;C:\Program Files\Java\jdk-24\bin;C:\Program Files\MySQL\MySQL Server 8.0\bin;C:\windows\system32;C:\windows;C:\windows\System32\Wbem;C:\windows\System32\WindowsPowerShell\v1.0\;C:\windows\System32\OpenSSH\;C:\WINDOWS\system32;C:\WINDOWS;C:\WINDOWS\System32\Wbem;C:\WINDOWS\System32\WindowsPowerShell\v1.0\;C:\WINDOWS\System32\OpenSSH\;C:\Users\soumi\Downloads\apache-maven-3.9.15-bin\apache-maven-3.9.15\bin;C:\Program Files\Eclipse Adoptium\jdk-17.0.19.10-hotspot\bin;C:\Program Files\nodejs\;C:\Program Files\Git\cmd;C:\Program Files\MySQL\MySQL Shell 8.0\bin\;C:\Users\soumi\AppData\Local\Microsoft\WindowsApps;C:\Users\soumi\AppData\Local\Programs\Microsoft VS Code\bin;C:\Users\soumi\AppData\Local\Programs\Microsoft VS Code Insiders\bin;C:\Users\soumi\AppData\Roaming\npm
USERNAME=soumi
OS=Windows_NT
PROCESSOR_IDENTIFIER=Intel64 Family 6 Model 154 Stepping 4, GenuineIntel
TMP=C:\Users\soumi\AppData\Local\Temp
TEMP=C:\Users\soumi\AppData\Local\Temp




Periodic native trim disabled

---------------  S Y S T E M  ---------------

OS:
 Windows 11 , 64 bit Build 26100 (10.0.26100.9549)
OS uptime: 1 days 10:16 hours
Hyper-V role detected

CPU: total 8 (initial active 8) (4 cores per cpu, 2 threads per core) family 6 model 154 stepping 4 microcode 0x42c, cx8, cmov, fxsr, ht, mmx, 3dnowpref, sse, sse2, sse3, ssse3, sse4.1, sse4.2, popcnt, lzcnt, tsc, tscinvbit, avx, avx2, aes, erms, clmul, bmi1, bmi2, adx, sha, fma, vzeroupper, clflush, clflushopt, clwb, hv, serialize, rdtscp, rdpid, fsrm, f16c, cet_ibt, cet_ss
Processor Information for processor 0
  Max Mhz: 1200, Current Mhz: 1200, Mhz Limit: 1200
Processor Information for processor 1
  Max Mhz: 1200, Current Mhz: 1200, Mhz Limit: 1200
Processor Information for processor 2
  Max Mhz: 1200, Current Mhz: 1200, Mhz Limit: 1200
Processor Information for processor 3
  Max Mhz: 1200, Current Mhz: 1200, Mhz Limit: 1200
Processor Information for processor 4
  Max Mhz: 1200, Current Mhz: 900, Mhz Limit: 900
Processor Information for processor 5
  Max Mhz: 1200, Current Mhz: 900, Mhz Limit: 900
Processor Information for processor 6
  Max Mhz: 1200, Current Mhz: 900, Mhz Limit: 900
Processor Information for processor 7
  Max Mhz: 1200, Current Mhz: 900, Mhz Limit: 900

Memory: 4k page, system-wide physical 7863M (656M free)
TotalPageFile size 32439M (AvailPageFile size 2M)
current process WorkingSet (physical memory assigned to process): 274M, peak: 277M
current process commit charge ("private bytes"): 9025M, peak: 9039M

vm_info: OpenJDK 64-Bit Server VM (21.0.12.1+1-LTS) for windows-amd64 JRE (21.0.12.1+1-LTS), built on 2026-08-18T00:00:00Z by "admin" with MS VC++ 17.12 (VS2022)

END.
